// Jest Snapshot v1, https://goo.gl/fbAQLP

exports[`EditBox renders world snapshot when name is world (enzyme) 1`] = `
<input
  onChange={[Function]}
  value="World"
/>
`;
