// Jest Snapshot v1, https://goo.gl/fbAQLP

exports[`Greeting renders hello world snapshot with default context color (react-test-renderer) 1`] = `
<h1
  style={
    Object {
      "color": "#d676ff",
    }
  }
>
  Hello World!
</h1>
`;
