// Jest Snapshot v1, https://goo.gl/fbAQLP

exports[`ClickMe renders 0 snapshot (react-test-renderer) 1`] = `
<a
  className="clickme"
  href="#"
  onClick={[Function]}
>
  This link has been clicked 
  0
   times
</a>
`;

exports[`ClickMe renders 1 after click snapshot (react-test-renderer) 1`] = `
<a
  className="clickme"
  href="#"
  onClick={[Function]}
>
  This link has been clicked 
  1
   times
</a>
`;
