// Jest Snapshot v1, https://goo.gl/fbAQLP

exports[`Greeting renders hello world snapshot with context color (enzyme) 1`] = `
<h1
  style="color:red"
>
  Hello World!
</h1>
`;
