// Jest Snapshot v1, https://goo.gl/fbAQLP

exports[`EditBox renders world snapshot when value is world (react-test-renderer) 1`] = `
<input
  onChange={[Function]}
  value="World"
/>
`;
