// Jest Snapshot v1, https://goo.gl/fbAQLP

exports[`Greeting renders hello world snapshot when name is world 1`] = `
<h1
  class="greeting"
>
  Hello 
  World
  !
</h1>
`;
