// Jest Snapshot v1, https://goo.gl/fbAQLP

exports[`Greeting renders hello world snapshot 1`] = `
<h1
  className="greeting"
>
  Hello World!
</h1>
`;
